I'm sorry, but errors were detected in your script. Please correct the
errors listed below, and try again.


File "game/script.rpy", line 119: end of line expected.
    narrator "清单的边角画着一只很潦草的猫，猫的旁边写着"汤圆"。"
                                    ^

Ren'Py Version: Ren'Py 8.3.4.24120703
Wed Mar 18 15:06:17 2026
